{"meta":{"req":{"url":"/backend-test.html","headers":{"host":"localhost:3000","connection":"close","accept":"text/html,application/xhtml+xml,application/xml;q=0.9,*/*;q=0.8","user-agent":"Mozilla/5.0 (Macintosh; Intel Mac OS X 10_15_7) AppleWebKit/605.1.15 (KHTML, like Gecko) Version/14.1.1 Safari/605.1.15","accept-language":"en-us","referer":"https://nortonice.tk/","accept-encoding":"gzip, deflate, br"},"method":"GET","httpVersion":"1.0","originalUrl":"/backend-test.html","query":{}},"res":{"statusCode":200},"responseTime":43},"level":"\u001b[32minfo\u001b[39m","message":"GET /backend-test.html 200 43ms"}
{"meta":{"req":{"url":"/index.css","headers":{"host":"localhost:3000","connection":"close","if-none-match":"W/\"db-179d2c12eb1\"","accept":"text/css,*/*;q=0.1","if-modified-since":"Thu, 03 Jun 2021 16:42:26 GMT","user-agent":"Mozilla/5.0 (Macintosh; Intel Mac OS X 10_15_7) AppleWebKit/605.1.15 (KHTML, like Gecko) Version/14.1.1 Safari/605.1.15","accept-language":"en-us","referer":"https://nortonice.tk/backend-test.html","accept-encoding":"gzip, deflate, br"},"method":"GET","httpVersion":"1.0","originalUrl":"/index.css","query":{}},"res":{"statusCode":304},"responseTime":1},"level":"\u001b[32minfo\u001b[39m","message":"GET /index.css 304 1ms"}
{"meta":{"req":{"url":"/api/minigame/get","headers":{"host":"localhost:3000","connection":"close","accept":"*/*","user-agent":"Mozilla/5.0 (Macintosh; Intel Mac OS X 10_15_7) AppleWebKit/605.1.15 (KHTML, like Gecko) Version/14.1.1 Safari/605.1.15","accept-language":"en-us","referer":"https://nortonice.tk/backend-test.html","accept-encoding":"gzip, deflate, br"},"method":"GET","httpVersion":"1.0","originalUrl":"/api/minigame/get","query":{}},"res":{"statusCode":200},"responseTime":73},"level":"\u001b[32minfo\u001b[39m","message":"GET /api/minigame/get 200 73ms"}
{"meta":{"req":{"url":"/backend-test.html","headers":{"host":"localhost:3000","connection":"close","accept":"text/html,application/xhtml+xml,application/xml;q=0.9,*/*;q=0.8","user-agent":"Mozilla/5.0 (Macintosh; Intel Mac OS X 10_15_7) AppleWebKit/605.1.15 (KHTML, like Gecko) Version/14.1.1 Safari/605.1.15","accept-language":"en-us","referer":"https://nortonice.tk/","accept-encoding":"gzip, deflate, br"},"method":"GET","httpVersion":"1.0","originalUrl":"/backend-test.html","query":{}},"res":{"statusCode":200},"responseTime":33},"level":"\u001b[32minfo\u001b[39m","message":"GET /backend-test.html 200 33ms"}
{"meta":{"req":{"url":"/index.css","headers":{"host":"localhost:3000","connection":"close","if-none-match":"W/\"db-179d2c12eb1\"","accept":"text/css,*/*;q=0.1","if-modified-since":"Thu, 03 Jun 2021 16:42:26 GMT","user-agent":"Mozilla/5.0 (Macintosh; Intel Mac OS X 10_15_7) AppleWebKit/605.1.15 (KHTML, like Gecko) Version/14.1.1 Safari/605.1.15","accept-language":"en-us","referer":"https://nortonice.tk/backend-test.html","accept-encoding":"gzip, deflate, br"},"method":"GET","httpVersion":"1.0","originalUrl":"/index.css","query":{}},"res":{"statusCode":304},"responseTime":1},"level":"\u001b[32minfo\u001b[39m","message":"GET /index.css 304 1ms"}
{"meta":{"req":{"url":"/api/minigame/get","headers":{"host":"localhost:3000","connection":"close","accept":"*/*","user-agent":"Mozilla/5.0 (Macintosh; Intel Mac OS X 10_15_7) AppleWebKit/605.1.15 (KHTML, like Gecko) Version/14.1.1 Safari/605.1.15","accept-language":"en-us","referer":"https://nortonice.tk/backend-test.html","accept-encoding":"gzip, deflate, br"},"method":"GET","httpVersion":"1.0","originalUrl":"/api/minigame/get","query":{}},"res":{"statusCode":200},"responseTime":55},"level":"\u001b[32minfo\u001b[39m","message":"GET /api/minigame/get 200 55ms"}
{"meta":{"req":{"url":"/api/minigame/add","headers":{"host":"localhost:3000","connection":"close","content-length":"21","content-type":"application/json","origin":"https://nortonice.tk","accept-encoding":"gzip, deflate, br","accept":"*/*","user-agent":"Mozilla/5.0 (Macintosh; Intel Mac OS X 10_15_7) AppleWebKit/605.1.15 (KHTML, like Gecko) Version/14.1.1 Safari/605.1.15","referer":"https://nortonice.tk/backend-test.html","accept-language":"en-us"},"method":"POST","httpVersion":"1.0","originalUrl":"/api/minigame/add","query":{}},"res":{"statusCode":200},"responseTime":7},"level":"\u001b[32minfo\u001b[39m","message":"POST /api/minigame/add 200 7ms"}
{"meta":{"req":{"url":"/api/minigame/get","headers":{"host":"localhost:3000","connection":"close","if-none-match":"W/\"2e2-wSDnfka3cdYYStZrDwWtiC4r3sw\"","accept":"*/*","user-agent":"Mozilla/5.0 (Macintosh; Intel Mac OS X 10_15_7) AppleWebKit/605.1.15 (KHTML, like Gecko) Version/14.1.1 Safari/605.1.15","accept-language":"en-us","referer":"https://nortonice.tk/backend-test.html","accept-encoding":"gzip, deflate, br"},"method":"GET","httpVersion":"1.0","originalUrl":"/api/minigame/get","query":{}},"res":{"statusCode":200},"responseTime":10},"level":"\u001b[32minfo\u001b[39m","message":"GET /api/minigame/get 200 10ms"}
